[    0.000000] Linux version 4.15.0-124-generic (buildd@lgw01-amd64-029) (gcc version 7.5.0 (Ubuntu 7.5.0-3ubuntu1~18.04)) #127-Ubuntu SMP Fri Nov 6 10:54:43 UTC 2020 (Ubuntu 4.15.0-124.127-generic 4.15.18)
[    0.000000] Command line: BOOT_IMAGE=/boot/vmlinuz-4.15.0-124-generic root=LABEL=cloudimg-rootfs ro console=tty1 console=ttyS0
[    0.000000] KERNEL supported cpus:
[    0.000000]   Intel GenuineIntel
[    0.000000]   AMD AuthenticAMD
[    0.000000]   Centaur CentaurHauls
[    0.000000] x86/fpu: Supporting XSAVE feature 0x001: 'x87 floating point registers'
[    0.000000] x86/fpu: Supporting XSAVE feature 0x002: 'SSE registers'
[    0.000000] x86/fpu: Supporting XSAVE feature 0x004: 'AVX registers'
[    0.000000] x86/fpu: xstate_offset[2]:  576, xstate_sizes[2]:  256
[    0.000000] x86/fpu: Enabled xstate features 0x7, context size is 832 bytes, using 'standard' format.
[    0.000000] e820: BIOS-provided physical RAM map:
[    0.000000] BIOS-e820: [mem 0x0000000000000000-0x000000000009fbff] usable
[    0.000000] BIOS-e820: [mem 0x000000000009fc00-0x000000000009ffff] reserved
[    0.000000] BIOS-e820: [mem 0x00000000000f0000-0x00000000000fffff] reserved
[    0.000000] BIOS-e820: [mem 0x0000000000100000-0x000000007ffeffff] usable
[    0.000000] BIOS-e820: [mem 0x000000007fff0000-0x000000007fffffff] ACPI data
[    0.000000] BIOS-e820: [mem 0x00000000fec00000-0x00000000fec00fff] reserved
[    0.000000] BIOS-e820: [mem 0x00000000fee00000-0x00000000fee00fff] reserved
[    0.000000] BIOS-e820: [mem 0x00000000fffc0000-0x00000000ffffffff] reserved
[    0.000000] NX (Execute Disable) protection: active
[    0.000000] SMBIOS 2.5 present.
[    0.000000] DMI: innotek GmbH VirtualBox/VirtualBox, BIOS VirtualBox 12/01/2006
[    0.000000] Hypervisor detected: KVM
[    0.000000] e820: last_pfn = 0x7fff0 max_arch_pfn = 0x400000000
[    0.000000] MTRR: Disabled
[    0.000000] x86/PAT: MTRRs disabled, skipping PAT initialization too.
[    0.000000] CPU MTRRs all blank - virtualized system.
[    0.000000] x86/PAT: Configuration [0-7]: WB  WT  UC- UC  WB  WT  UC- UC  
[    0.000000] found SMP MP-table at [mem 0x0009fff0-0x0009ffff]
[    0.000000] Scanning 1 areas for low memory corruption
[    0.000000] RAMDISK: [mem 0x35a67000-0x36d2afff]
[    0.000000] ACPI: Early table checksum verification disabled
[    0.000000] ACPI: RSDP 0x00000000000E0000 000024 (v02 VBOX  )
[    0.000000] ACPI: XSDT 0x000000007FFF0030 00003C (v01 VBOX   VBOXXSDT 00000001 ASL  00000061)
[    0.000000] ACPI: FACP 0x000000007FFF00F0 0000F4 (v04 VBOX   VBOXFACP 00000001 ASL  00000061)
[    0.000000] ACPI: DSDT 0x000000007FFF0470 002325 (v02 VBOX   VBOXBIOS 00000002 INTL 20100528)
[    0.000000] ACPI: FACS 0x000000007FFF0200 000040
[    0.000000] ACPI: FACS 0x000000007FFF0200 000040
[    0.000000] ACPI: APIC 0x000000007FFF0240 00005C (v02 VBOX   VBOXAPIC 00000001 ASL  00000061)
[    0.000000] ACPI: SSDT 0x000000007FFF02A0 0001CC (v01 VBOX   VBOXCPUT 00000002 INTL 20100528)
[    0.000000] No NUMA configuration found
[    0.000000] Faking a node at [mem 0x0000000000000000-0x000000007ffeffff]
[    0.000000] NODE_DATA(0) allocated [mem 0x7ffc5000-0x7ffeffff]
[    0.000000] kvm-clock: cpu 0, msr 0:7ff44001, primary cpu clock
[    0.000000] kvm-clock: Using msrs 4b564d01 and 4b564d00
[    0.000000] kvm-clock: using sched offset of 3563036900 cycles
[    0.000000] clocksource: kvm-clock: mask: 0xffffffffffffffff max_cycles: 0x1cd42e4dffb, max_idle_ns: 881590591483 ns
[    0.000000] Zone ranges:
[    0.000000]   DMA      [mem 0x0000000000001000-0x0000000000ffffff]
[    0.000000]   DMA32    [mem 0x0000000001000000-0x000000007ffeffff]
[    0.000000]   Normal   empty
[    0.000000]   Device   empty
[    0.000000] Movable zone start for each node
[    0.000000] Early memory node ranges
[    0.000000]   node   0: [mem 0x0000000000001000-0x000000000009efff]
[    0.000000]   node   0: [mem 0x0000000000100000-0x000000007ffeffff]
[    0.000000] Reserved but unavailable: 98 pages
[    0.000000] Initmem setup node 0 [mem 0x0000000000001000-0x000000007ffeffff]
[    0.000000] ACPI: PM-Timer IO Port: 0x4008
[    0.000000] IOAPIC[0]: apic_id 2, version 32, address 0xfec00000, GSI 0-23
[    0.000000] ACPI: INT_SRC_OVR (bus 0 bus_irq 0 global_irq 2 dfl dfl)
[    0.000000] ACPI: INT_SRC_OVR (bus 0 bus_irq 9 global_irq 9 low level)
[    0.000000] Using ACPI (MADT) for SMP configuration information
[    0.000000] smpboot: Allowing 2 CPUs, 0 hotplug CPUs
[    0.000000] PM: Registered nosave memory: [mem 0x00000000-0x00000fff]
[    0.000000] PM: Registered nosave memory: [mem 0x0009f000-0x0009ffff]
[    0.000000] PM: Registered nosave memory: [mem 0x000a0000-0x000effff]
[    0.000000] PM: Registered nosave memory: [mem 0x000f0000-0x000fffff]
[    0.000000] e820: [mem 0x80000000-0xfebfffff] available for PCI devices
[    0.000000] Booting paravirtualized kernel on KVM
[    0.000000] clocksource: refined-jiffies: mask: 0xffffffff max_cycles: 0xffffffff, max_idle_ns: 7645519600211568 ns
[    0.000000] random: get_random_bytes called from start_kernel+0x99/0x500 with crng_init=0
[    0.000000] setup_percpu: NR_CPUS:8192 nr_cpumask_bits:2 nr_cpu_ids:2 nr_node_ids:1
[    0.000000] percpu: Embedded 45 pages/cpu s147456 r8192 d28672 u1048576
[    0.000000] PV qspinlock hash table entries: 256 (order: 0, 4096 bytes)
[    0.000000] Built 1 zonelists, mobility grouping on.  Total pages: 515961
[    0.000000] Policy zone: DMA32
[    0.000000] Kernel command line: BOOT_IMAGE=/boot/vmlinuz-4.15.0-124-generic root=LABEL=cloudimg-rootfs ro console=tty1 console=ttyS0
[    0.000000] Memory: 2015224K/2096696K available (12300K kernel code, 2482K rwdata, 4272K rodata, 2436K init, 2724K bss, 81472K reserved, 0K cma-reserved)
[    0.000000] SLUB: HWalign=64, Order=0-3, MinObjects=0, CPUs=2, Nodes=1
[    0.000000] ftrace: allocating 39402 entries in 154 pages
[    0.004000] Hierarchical RCU implementation.
[    0.004000] 	RCU restricting CPUs from NR_CPUS=8192 to nr_cpu_ids=2.
[    0.004000] 	Tasks RCU enabled.
[    0.004000] RCU: Adjusting geometry for rcu_fanout_leaf=16, nr_cpu_ids=2
[    0.004000] NR_IRQS: 524544, nr_irqs: 440, preallocated irqs: 16
[    0.004000] Console: colour VGA+ 80x25
[    0.004000] console [tty1] enabled
[    0.004000] console [ttyS0] enabled
[    0.004000] ACPI: Core revision 20170831
[    0.004000] ACPI: 2 ACPI AML tables successfully acquired and loaded
[    0.004000] APIC: Switch to symmetric I/O mode setup
[    0.004000] x2apic enabled
[    0.004000] Switched APIC routing to physical x2apic.
[    0.004000] ..TIMER: vector=0x30 apic1=0 pin1=2 apic2=-1 pin2=-1
[    0.004000] tsc: Detected 2592.000 MHz processor
[    0.004005] Calibrating delay loop (skipped) preset value.. 5184.00 BogoMIPS (lpj=10368000)
[    0.005019] pid_max: default: 32768 minimum: 301
[    0.005618] Security Framework initialized
[    0.006143] Yama: becoming mindful.
[    0.006614] AppArmor: AppArmor initialized
[    0.008000] Dentry cache hash table entries: 262144 (order: 9, 2097152 bytes)
[    0.009526] Inode-cache hash table entries: 131072 (order: 8, 1048576 bytes)
[    0.012015] Mount-cache hash table entries: 4096 (order: 3, 32768 bytes)
[    0.012929] Mountpoint-cache hash table entries: 4096 (order: 3, 32768 bytes)
[    0.014049] Last level iTLB entries: 4KB 64, 2MB 8, 4MB 8
[    0.014711] Last level dTLB entries: 4KB 64, 2MB 0, 4MB 0, 1GB 4
[    0.016004] Spectre V1 : Mitigation: usercopy/swapgs barriers and __user pointer sanitization
[    0.017069] Spectre V2 : Mitigation: Full generic retpoline
[    0.017747] Spectre V2 : Spectre v2 / SpectreRSB mitigation: Filling RSB on context switch
[    0.018802] Speculative Store Bypass: Vulnerable
[    0.019378] SRBDS: Mitigation: TSX disabled
[    0.020125] Freeing SMP alternatives memory: 36K
[    0.131028] smpboot: CPU0: Intel(R) Core(TM) i7-9750HF CPU @ 2.60GHz (family: 0x6, model: 0x9e, stepping: 0xd)
[    0.132000] Performance Events: unsupported p6 CPU model 158 no PMU driver, software events only.
[    0.132000] Hierarchical SRCU implementation.
[    0.132000] NMI watchdog: Perf event create on CPU 0 failed with -2
[    0.132001] NMI watchdog: Perf NMI watchdog permanently disabled
[    0.132921] smp: Bringing up secondary CPUs ...
[    0.133812] x86: Booting SMP configuration:
[    0.134620] .... node  #0, CPUs:      #1
[    0.004000] kvm-clock: cpu 1, msr 0:7ff44041, secondary cpu clock
[    0.139098] smp: Brought up 1 node, 2 CPUs
[    0.140005] smpboot: Max logical packages: 1
[    0.140606] smpboot: Total of 2 processors activated (10368.00 BogoMIPS)
[    0.142008] devtmpfs: initialized
[    0.142008] x86/mm: Memory block size: 128MB
[    0.142008] evm: security.selinux
[    0.144002] evm: security.SMACK64
[    0.144455] evm: security.SMACK64EXEC
[    0.144961] evm: security.SMACK64TRANSMUTE
[    0.145499] evm: security.SMACK64MMAP
[    0.146000] evm: security.apparmor
[    0.146460] evm: security.ima
[    0.148002] evm: security.capability
[    0.148506] clocksource: jiffies: mask: 0xffffffff max_cycles: 0xffffffff, max_idle_ns: 7645041785100000 ns
[    0.149304] futex hash table entries: 512 (order: 3, 32768 bytes)
[    0.150101] pinctrl core: initialized pinctrl subsystem
[    0.150842] RTC time:  0:49:45, date: 02/05/21
[    0.152191] NET: Registered protocol family 16
[    0.152821] audit: initializing netlink subsys (disabled)
[    0.153528] audit: type=2000 audit(1612486190.523:1): state=initialized audit_enabled=0 res=1
[    0.153528] cpuidle: using governor ladder
[    0.153528] cpuidle: using governor menu
[    0.156025] ACPI: bus type PCI registered
[    0.156760] acpiphp: ACPI Hot Plug PCI Controller Driver version: 0.5
[    0.157843] PCI: Using configuration type 1 for base access
[    0.160025] HugeTLB registered 2.00 MiB page size, pre-allocated 0 pages
[    0.161466] ACPI: Added _OSI(Module Device)
[    0.161466] ACPI: Added _OSI(Processor Device)
[    0.161466] ACPI: Added _OSI(3.0 _SCP Extensions)
[    0.164002] ACPI: Added _OSI(Processor Aggregator Device)
[    0.164795] ACPI: Added _OSI(Linux-Dell-Video)
[    0.165380] ACPI: Added _OSI(Linux-Lenovo-NV-HDMI-Audio)
[    0.166066] ACPI: Added _OSI(Linux-HPI-Hybrid-Graphics)
[    0.166953] ACPI: Executed 1 blocks of module-level executable AML code
[    0.170378] ACPI: Interpreter enabled
[    0.171148] ACPI: (supports S0 S5)
[    0.172002] ACPI: Using IOAPIC for interrupt routing
[    0.173246] PCI: Using host bridge windows from ACPI; if necessary, use "pci=nocrs" and report a bug
[    0.175486] ACPI: Enabled 2 GPEs in block 00 to 07
[    0.180820] ACPI: PCI Root Bridge [PCI0] (domain 0000 [bus 00-ff])
[    0.181817] acpi PNP0A03:00: _OSC: OS supports [ASPM ClockPM Segments MSI]
[    0.183270] acpi PNP0A03:00: _OSC: not requesting OS control; OS requires [ExtendedConfig ASPM ClockPM MSI]
[    0.184046] acpi PNP0A03:00: fail to add MMCONFIG information, can't access extended PCI configuration space under this bridge.
[    0.186245] PCI host bridge to bus 0000:00
[    0.187072] pci_bus 0000:00: root bus resource [io  0x0000-0x0cf7 window]
[    0.188003] pci_bus 0000:00: root bus resource [io  0x0d00-0xffff window]
[    0.189346] pci_bus 0000:00: root bus resource [mem 0x000a0000-0x000bffff window]
[    0.190654] pci_bus 0000:00: root bus resource [mem 0x80000000-0xfdffffff window]
[    0.192004] pci_bus 0000:00: root bus resource [bus 00-ff]
[    0.194498] pci 0000:00:01.1: legacy IDE quirk: reg 0x10: [io  0x01f0-0x01f7]
[    0.195387] pci 0000:00:01.1: legacy IDE quirk: reg 0x14: [io  0x03f6]
[    0.196002] pci 0000:00:01.1: legacy IDE quirk: reg 0x18: [io  0x0170-0x0177]
[    0.196902] pci 0000:00:01.1: legacy IDE quirk: reg 0x1c: [io  0x0376]
[    0.212421] pci 0000:00:07.0: quirk: [io  0x4000-0x403f] claimed by PIIX4 ACPI
[    0.214200] pci 0000:00:07.0: quirk: [io  0x4100-0x410f] claimed by PIIX4 SMB
[    0.224440] ACPI: PCI Interrupt Link [LNKA] (IRQs 5 9 10 *11)
[    0.225900] ACPI: PCI Interrupt Link [LNKB] (IRQs 5 9 *10 11)
[    0.226942] ACPI: PCI Interrupt Link [LNKC] (IRQs 5 *9 10 11)
[    0.227947] ACPI: PCI Interrupt Link [LNKD] (IRQs 5 9 10 *11)
[    0.228214] SCSI subsystem initialized
[    0.228900] pci 0000:00:02.0: vgaarb: setting as boot VGA device
[    0.228943] pci 0000:00:02.0: vgaarb: VGA device added: decodes=io+mem,owns=io+mem,locks=none
[    0.232004] pci 0000:00:02.0: vgaarb: bridge control possible
[    0.232897] vgaarb: loaded
[    0.233294] ACPI: bus type USB registered
[    0.233838] usbcore: registered new interface driver usbfs
[    0.234631] usbcore: registered new interface driver hub
[    0.235333] usbcore: registered new device driver usb
[    0.236036] EDAC MC: Ver: 3.0.0
[    0.236677] PCI: Using ACPI for IRQ routing
[    0.236782] NetLabel: Initializing
[    0.237243] NetLabel:  domain hash size = 128
[    0.237811] NetLabel:  protocols = UNLABELED CIPSOv4 CALIPSO
[    0.238855] NetLabel:  unlabeled traffic allowed by default
[    0.240065] clocksource: Switched to clocksource kvm-clock
[    0.252138] VFS: Disk quotas dquot_6.6.0
[    0.252903] VFS: Dquot-cache hash table entries: 512 (order 0, 4096 bytes)
[    0.254176] AppArmor: AppArmor Filesystem Enabled
[    0.255292] pnp: PnP ACPI init
[    0.256908] pnp: PnP ACPI: found 3 devices
[    0.265782] clocksource: acpi_pm: mask: 0xffffff max_cycles: 0xffffff, max_idle_ns: 2085701024 ns
[    0.267394] NET: Registered protocol family 2
[    0.268067] TCP established hash table entries: 16384 (order: 5, 131072 bytes)
[    0.269461] TCP bind hash table entries: 16384 (order: 6, 262144 bytes)
[    0.270451] TCP: Hash tables configured (established 16384 bind 16384)
[    0.273988] UDP hash table entries: 1024 (order: 3, 32768 bytes)
[    0.275187] UDP-Lite hash table entries: 1024 (order: 3, 32768 bytes)
[    0.276122] NET: Registered protocol family 1
[    0.276740] pci 0000:00:00.0: Limiting direct PCI/PCI transfers
[    0.277548] pci 0000:00:01.0: Activating ISA DMA hang workarounds
[    0.278526] pci 0000:00:02.0: Video device with shadowed ROM at [mem 0x000c0000-0x000dffff]
[    0.279668] Unpacking initramfs...
[    0.548625] Freeing initrd memory: 19216K
[    0.549452] clocksource: tsc: mask: 0xffffffffffffffff max_cycles: 0x255cb6cc5db, max_idle_ns: 440795203504 ns
[    0.551050] platform rtc_cmos: registered platform RTC device (no PNP device found)
[    0.552509] Scanning for low memory corruption every 60 seconds
[    0.554140] Initialise system trusted keyrings
[    0.555261] Key type blacklist registered
[    0.556269] workingset: timestamp_bits=36 max_order=19 bucket_order=0
[    0.558262] zbud: loaded
[    0.559035] squashfs: version 4.0 (2009/01/31) Phillip Lougher
[    0.559907] fuse init (API version 7.26)
[    0.562140] Key type asymmetric registered
[    0.564810] Asymmetric key parser 'x509' registered
[    0.573037] Block layer SCSI generic (bsg) driver version 0.4 loaded (major 246)
[    0.574921] io scheduler noop registered
[    0.575539] io scheduler deadline registered
[    0.576279] io scheduler cfq registered (default)
[    0.577330] ACPI: AC Adapter [AC] (on-line)
[    0.578290] input: Power Button as /devices/LNXSYSTM:00/LNXPWRBN:00/input/input0
[    0.579365] ACPI: Power Button [PWRF]
[    0.579971] input: Sleep Button as /devices/LNXSYSTM:00/LNXSLPBN:00/input/input1
[    0.581160] ACPI: Sleep Button [SLPF]
[    0.582632] ACPI: Battery Slot [BAT0] (battery present)
[    0.583728] Serial: 8250/16550 driver, 32 ports, IRQ sharing enabled
[    0.605444] 00:02: ttyS0 at I/O 0x3f8 (irq = 4, base_baud = 115200) is a 16550A
[    0.610196] Linux agpgart interface v0.103
[    0.613053] loop: module loaded
[    0.613895] scsi host0: ata_piix
[    0.614480] scsi host1: ata_piix
[    0.614934] ata1: PATA max UDMA/33 cmd 0x1f0 ctl 0x3f6 bmdma 0xd000 irq 14
[    0.615785] ata2: PATA max UDMA/33 cmd 0x170 ctl 0x376 bmdma 0xd008 irq 15
[    0.617170] libphy: Fixed MDIO Bus: probed
[    0.617711] tun: Universal TUN/TAP device driver, 1.6
[    0.618471] PPP generic driver version 2.4.2
[    0.619076] ehci_hcd: USB 2.0 'Enhanced' Host Controller (EHCI) Driver
[    0.619891] ehci-pci: EHCI PCI platform driver
[    0.620584] ehci-platform: EHCI generic platform driver
[    0.621257] ohci_hcd: USB 1.1 'Open' Host Controller (OHCI) Driver
[    0.622677] ohci-pci: OHCI PCI platform driver
[    0.623688] ohci-platform: OHCI generic platform driver
[    0.624558] uhci_hcd: USB Universal Host Controller Interface driver
[    0.625396] i8042: PNP: PS/2 Controller [PNP0303:PS2K,PNP0f03:PS2M] at 0x60,0x64 irq 1,12
[    0.626854] serio: i8042 KBD port at 0x60,0x64 irq 1
[    0.627622] serio: i8042 AUX port at 0x60,0x64 irq 12
[    0.628388] mousedev: PS/2 mouse device common for all mice
[    0.629511] input: AT Translated Set 2 keyboard as /devices/platform/i8042/serio0/input/input2
[    0.630734] rtc_cmos rtc_cmos: rtc core: registered rtc_cmos as rtc0
[    0.631573] rtc_cmos rtc_cmos: alarms up to one day, 114 bytes nvram
[    0.632468] i2c /dev entries driver
[    0.633072] device-mapper: uevent: version 1.0.3
[    0.633774] device-mapper: ioctl: 4.37.0-ioctl (2017-09-20) initialised: dm-devel@redhat.com
[    0.634910] ledtrig-cpu: registered to indicate activity on CPUs
[    0.635968] NET: Registered protocol family 10
[    0.639368] Segment Routing with IPv6
[    0.639900] NET: Registered protocol family 17
[    0.640696] Key type dns_resolver registered
[    0.641379] mce: Using 0 MCE banks
[    0.641897] RAS: Correctable Errors collector initialized.
[    0.642597] sched_clock: Marking stable (641361846, 0)->(774274696, -132912850)
[    0.643844] registered taskstats version 1
[    0.644478] Loading compiled-in X.509 certificates
[    0.646479] Loaded X.509 cert 'Build time autogenerated kernel key: be62403dcace2d46f96dafa9f42421c610ef3c2a'
[    0.647817] zswap: loaded using pool lzo/zbud
[    0.650265] Key type big_key registered
[    0.650783] Key type trusted registered
[    0.652196] Key type encrypted registered
[    0.652732] AppArmor: AppArmor sha1 policy hashing enabled
[    0.653423] ima: No TPM chip found, activating TPM-bypass! (rc=-19)
[    0.654313] ima: Allocated hash algorithm: sha1
[    0.655344] evm: HMAC attrs: 0x1
[    0.656106]   Magic number: 9:134:809
[    0.656931] rtc_cmos rtc_cmos: setting system clock to 2021-02-05 00:49:46 UTC (1612486186)
[    0.658188] BIOS EDD facility v0.16 2004-Jun-25, 0 devices found
[    0.658986] EDD information not available.
[    1.159259] Freeing unused kernel image memory: 2436K
[    1.304340] Write protecting the kernel read-only data: 20480k
[    1.306535] Freeing unused kernel image memory: 2008K
[    1.307491] Freeing unused kernel image memory: 1872K
[    1.314311] x86/mm: Checked W+X mappings: passed, no W+X pages found.
Loading, please wait...
starting version 237
[    1.360031] e1000: Intel(R) PRO/1000 Network Driver - version 7.3.21-k8-NAPI
[    1.361079] e1000: Copyright (c) 1999-2006 Intel Corporation.
[    1.369477] Fusion MPT base driver 3.04.20
[    1.370191] Copyright (c) 1999-2008 LSI Corporation
[    1.375692] Fusion MPT SPI Host driver 3.04.20
[    1.382438] AVX2 version of gcm_enc/dec engaged.
[    1.383352] AES CTR mode by8 optimization enabled
[    1.573265] input: ImExPS/2 Generic Explorer Mouse as /devices/platform/i8042/serio1/input/input4
[    1.724025] e1000 0000:00:03.0 eth0: (PCI:33MHz:32-bit) 02:60:71:1d:34:36
[    1.725080] e1000 0000:00:03.0 eth0: Intel(R) PRO/1000 Network Connection
[    1.727069] mptbase: ioc0: Initiating bringup
[    1.820243] ioc0: LSI53C1030 A0: Capabilities={Initiator}
[    2.064572] scsi host2: ioc0: LSI53C1030 A0, FwRev=00000000h, Ports=1, MaxQ=256, IRQ=20
[    2.240909] scsi 2:0:0:0: Direct-Access     VBOX     HARDDISK         1.0  PQ: 0 ANSI: 5
[    2.300132] scsi target2:0:0: Beginning Domain Validation
[    2.302996] scsi target2:0:0: Domain Validation skipping write tests
[    2.304410] scsi target2:0:0: Ending Domain Validation
[    2.305236] scsi target2:0:0: asynchronous
[    2.306562] scsi 2:0:1:0: Direct-Access     VBOX     HARDDISK         1.0  PQ: 0 ANSI: 5
[    2.620979] scsi target2:0:1: Beginning Domain Validation
[    2.624025] random: fast init done
[    2.624559] scsi target2:0:1: Domain Validation skipping write tests
[    2.625368] scsi target2:0:1: Ending Domain Validation
[    2.626105] scsi target2:0:1: asynchronous
[    2.630632] random: systemd-udevd: uninitialized urandom read (16 bytes read)
[    2.631556] random: systemd-udevd: uninitialized urandom read (16 bytes read)
[    2.632489] random: systemd-udevd: uninitialized urandom read (16 bytes read)
[    2.633640] sd 2:0:0:0: Attached scsi generic sg0 type 0
[    2.634493] sd 2:0:0:0: [sda] 20971520 512-byte logical blocks: (10.7 GB/10.0 GiB)
[    2.634637] sd 2:0:1:0: Attached scsi generic sg1 type 0
[    2.636337] sd 2:0:0:0: [sda] Write Protect is off
[    2.637383] sd 2:0:1:0: [sdb] 20480 512-byte logical blocks: (10.5 MB/10.0 MiB)
[    2.638581] sd 2:0:0:0: [sda] Incomplete mode parameter data
[    2.650647] sd 2:0:0:0: [sda] Assuming drive cache: write through
[    2.651575] sd 2:0:1:0: [sdb] Write Protect is off
[    2.652730] sd 2:0:1:0: [sdb] Incomplete mode parameter data
[    2.653653] sd 2:0:1:0: [sdb] Assuming drive cache: write through
[    2.657964]  sda: sda1
[    2.662352] sd 2:0:1:0: [sdb] Attached SCSI disk
[    2.664159] sd 2:0:0:0: [sda] Attached SCSI disk
[    2.664382] e1000 0000:00:08.0 eth1: (PCI:33MHz:32-bit) 08:00:27:35:02:e7
[    2.666504] e1000 0000:00:08.0 eth1: Intel(R) PRO/1000 Network Connection
[    2.668329] e1000 0000:00:08.0 enp0s8: renamed from eth1
[    2.684749] e1000 0000:00:03.0 enp0s3: renamed from eth0
Begin: Loading essential drivers ... [    4.080287] raid6: sse2x1   gen() 13980 MB/s
[    4.128122] raid6: sse2x1   xor()  8243 MB/s
[    4.176457] raid6: sse2x2   gen() 16985 MB/s
[    4.224238] raid6: sse2x2   xor() 10917 MB/s
[    4.272500] raid6: sse2x4   gen() 18572 MB/s
[    4.320387] raid6: sse2x4   xor() 10789 MB/s
[    4.368479] raid6: avx2x1   gen() 28384 MB/s
[    4.416436] raid6: avx2x1   xor() 13454 MB/s
[    4.464422] raid6: avx2x2   gen() 32533 MB/s
[    4.512146] raid6: avx2x2   xor() 20916 MB/s
[    4.560389] raid6: avx2x4   gen() 36646 MB/s
[    4.608375] raid6: avx2x4   xor() 21151 MB/s
[    4.609058] raid6: using algorithm avx2x4 gen() 36646 MB/s
[    4.609973] raid6: .... xor() 21151 MB/s, rmw enabled
[    4.610781] raid6: using avx2x2 recovery algorithm
[    4.612646] xor: automatically using best checksumming function   avx       
[    4.614576] async_tx: api initialized (async)
done.
Begin: Running /scripts/init-premount ... done.
Begin: Mounting root file system ... Begin: Running /scripts/local-top ... done.
Begin: Running /scripts/local-premount ... [    4.648667] Btrfs loaded, crc32c=crc32c-intel
Scanning for Btrfs filesystems
done.
Warning: fsck not present, so skipping root file system
[    4.672286] EXT4-fs (sda1): mounted filesystem with ordered data mode. Opts: (null)
done.
Begin: Running /scripts/local-bottom ... done.
Begin: Running /scripts/init-bottom ... done.
[    4.818926] ip_tables: (C) 2000-2006 Netfilter Core Team
[    4.829276] systemd[1]: systemd 237 running in system mode. (+PAM +AUDIT +SELINUX +IMA +APPARMOR +SMACK +SYSVINIT +UTMP +LIBCRYPTSETUP +GCRYPT +GNUTLS +ACL +XZ +LZ4 +SECCOMP +BLKID +ELFUTILS +KMOD -IDN2 +IDN -PCRE2 default-hierarchy=hybrid)
[    4.831907] systemd[1]: Detected virtualization oracle.
[    4.833137] systemd[1]: Detected architecture x86-64.

Welcome to [1mUbuntu 18.04.5 LTS[0m!

[    4.842263] systemd[1]: Set hostname to <ubuntu>.
[    4.845588] systemd[1]: Initializing machine ID from random generator.
[    4.846600] systemd[1]: Installed transient /etc/machine-id file.
[    5.064943] systemd[1]: Created slice System Slice.
[[0;32m  OK  [0m] Created slice System Slice.
[    5.076115] systemd[1]: Listening on Syslog Socket.
[[0;32m  OK  [0m] Listening on Syslog Socket.
[    5.077785] systemd[1]: Listening on /dev/initctl Compatibility Named Pipe.
[[0;32m  OK  [0m] Listening on /dev/initctl Compatibility Named Pipe.
[    5.079789] systemd[1]: Listening on LVM2 metadata daemon socket.
[[0;32m  OK  [0m] Listening on LVM2 metadata daemon socket.
[[0;32m  OK  [0m] Reached target User and Group Name Lookups.
[[0;32m  OK  [0m] Created slice User and Session Slice.
[[0;32m  OK  [0m] Listening on Journal Audit Socket.
[[0;32m  OK  [0m] Created slice system-serial\x2dgetty.slice.
[[0;32m  OK  [0m] Reached target System Time Synchronized.
[[0;32m  OK  [0m] Reached target Slices.
[[0;32m  OK  [0m] Listening on udev Control Socket.
[[0;32m  OK  [0m] Listening on udev Kernel Socket.
[[0;32m  OK  [0m] Listening on Device-mapper event daemon FIFOs.
[[0;32m  OK  [0m] Listening on Network Service Netlink Socket.
[[0;32m  OK  [0m] Listening on Journal Socket.
         Mounting Huge Pages File System...
         Starting Monitoring of LVM2 mirrorsâ€¦ng dmeventd or progress polling...
         Starting Set the console keyboard layout...
[[0;32m  OK  [0m] Reached target Swap.
         Mounting Kernel Debug File System...
         Starting Remount Root and Kernel File Systems...
         Starting udev Coldplug all Devices...
[[0;32m  OK  [0m] Started Forward Password Requests to Wall Directory Watch.
[[0;32m  OK  [0m] Set up automount Arbitrary Executabâ€¦rmats File System Automount Point.
[[0;32m  OK  [0m] Listening on LVM2 poll daemon socket.
         Starting Create list of required stâ€¦ce nodes for the current kernel...
         Starting Uncomplicated firewall...
         Mounting POSIX Message Queue File System...
[    5.325262] EXT4-fs (sda1): re-mounted. Opts: (null)
         Starting Load Kernel Modules...
[[0;32m  OK  [0m] Listening on Journal Socket (/dev/log).
         Starting Journal Service...
[[0;32m  OK  [0m] Mounted Huge Pages File System.
[[0;32m  OK  [0m] Mounted Kernel Debug File System.
[    5.366965] Loading iSCSI transport class v2.0-870.
[    5.372907] iscsi: registered transport (tcp)
[[0;32m  OK  [0m] Started Remount Root and Kernel File Systems.
[[0;32m  OK  [0m] Started Create list of requi[    5.389202] iscsi: registered transport (iser)
red staâ€¦vice nodes for the current kernel.
[[0;32m  OK  [0m] Started Uncomplicated firewall.
[[0;32m  OK  [0m] Mounted POSIX Message Queue File System.
[[0;32m  OK  [0m] Started Load Kernel Modules.
[[0;32m  OK  [0m] Started Journal Service.
[[0;32m  OK  [0m] Started udev Coldplug all Devices.
[[0;32m  OK  [0m] Started LVM2 metadata daemon.
         Starting Apply Kernel Variables...
         Mounting Kernel Configuration File System...
         Mounting FUSE Control File System...
         Starting Create Static Device Nodes in /dev...
         Starting Load/Save Random Seed...
         Starting Flush Journal to Persistent Storage...
[[0;32m  OK  [0m] Started Monitoring of LVM2 mirrors,â€¦sing dmeventd or progress polling.
[[0;32m  OK  [0m] Started Apply Kernel Variables.
[[0;32m  OK  [0m] Mounted Kernel Configuration File System.
[[0;32m  OK  [0m] Mounted FUSE Control File System.
[[0;32m  OK  [0m] Started Create Static Device Nodes in /dev.
[[0;32m  OK  [0m] Started Load/Save Random Seed.
         Starting udev Kernel Device Manager...
[[0;32m  OK  [0m] Started udev Kernel Device Manager.
[[0;32m  OK  [0m] Started Flush Journal to Persistent Storage.
[[0;32m  OK  [0m] Found device /dev/ttyS0.
[[0;32m  OK  [0m] Listening on Load/Save RF Kill Switch Status /dev/rfkill Watch.
[[0;32m  OK  [0m] Started Set the console keyboard layout.
[[0;32m  OK  [0m] Reached target Local File Systems (Pre).
[[0;32m  OK  [0m] Reached target Local File Systems.
         Starting ebtables ruleset management...
         Starting AppArmor initialization...
         Starting Tell Plymouth To Write Out Runtime Data...
         Starting Create Volatile Files and Directories...
         Starting Commit a transient machine-id on disk...
         Starting Set console font and keymap...
[[0;32m  OK  [0m] Started Dispatch Password Requests to Console Directory Watch.
[[0;32m  OK  [0m] Reached target Local Encrypted Volumes.
[[0;32m  OK  [0m] Started Tell Plymouth To Write Out Runtime Data.
[[0;32m  OK  [0m] Started Set console font and keymap.
[[0;32m  OK  [0m] Started Create Volatile Files and Directories.
         Starting Update UTMP about System Boot/Shutdown...
[[0;32m  OK  [0m] Started Update UTMP about System Boot/Shutdown.
[[0;32m  OK  [0m] Started Commit a transient machine-id on disk.
[[0;32m  OK  [0m] Started ebtables ruleset management.
[[0;32m  OK  [0m] Started AppArmor initialization.
         Starting Initial cloud-init job (pre-networking)...
         Starting Load AppArmor profiles managed internally by snapd...
[[0;32m  OK  [0m] Started Load AppArmor profiles managed internally by snapd.
[    7.735017] cloud-init[702]: Cloud-init v. 20.3-2-g371b392c-0ubuntu1~18.04.1 running 'init-local' at Fri, 05 Feb 2021 00:49:53 +0000. Up 7.44 seconds.
[[0;32m  OK  [0m] Started Initial cloud-init job (pre-networking).
[[0;32m  OK  [0m] Reached target Network (Pre).
         Starting Network Service...
[[0;32m  OK  [0m] Started Network Service.
         Starting Network Name Resolution...
         Starting Wait for Network to be Configured...
[[0;32m  OK  [0m] Started Network Name Resolution.
[[0;32m  OK  [0m] Reached target Network.
[[0;32m  OK  [0m] Reached target Host and Network Name Lookups.
[[0;32m  OK  [0m] Started Wait for Network to be Configured.
         Starting Initial cloud-init job (metadata service crawler)...
[    9.676079] cloud-init[852]: Cloud-init v. 20.3-2-g371b392c-0ubuntu1~18.04.1 running 'init' at Fri, 05 Feb 2021 00:49:55 +0000. Up 9.57 seconds.
[    9.692351] cloud-init[852]: ci-info: ++++++++++++++++++++++++++++++++++++++Net device info+++++++++++++++++++++++++++++++++++++++
[    9.693245] cloud-init[852]: ci-info: +--------+-------+----------------------------+---------------+--------+-------------------+
[    9.704639] cloud-init[852]: ci-info: | Device |   Up  |          Address           |      Mask     | Scope  |     Hw-Address    |
[    9.705541] cloud-init[852]: ci-info: +--------+-------+----------------------------+---------------+--------+-------------------+
[    9.706258] cloud-init[852]: ci-info: | enp0s3 |  True |         10.0.2.15          | 255.255.255.0 | global | 02:60:71:1d:34:36 |
[    9.707426] cloud-init[852]: ci-info: | enp0s3 |  True | fe80::60:71ff:fe1d:3436/64 |       .       |  link  | 02:60:71:1d:34:36 |
[    9.708472] cloud-init[852]: ci-info: | enp0s8 | False |             .              |       .       |   .    | 08:00:27:35:02:e7 |
[    9.709483] cloud-init[852]: ci-info: |   lo   |  True |         127.0.0.1          |   255.0.0.0   |  host  |         .         |
[    9.710513] cloud-init[852]: ci-info: |   lo   |  True |          ::1/128           |       .       |  host  |         .         |
[    9.711502] cloud-init[852]: ci-info: +--------+-------+----------------------------+---------------+--------+-------------------+
[    9.712508] cloud-init[852]: ci-info: ++++++++++++++++++++++++++++Route IPv4 info+++++++++++++++++++++++++++++
[    9.713359] cloud-init[852]: ci-info: +-------+-------------+----------+-----------------+-----------+-------+
[    9.714376] cloud-init[852]: ci-info: | Route | Destination | Gateway  |     Genmask     | Interface | Flags |
[    9.715461] cloud-init[852]: ci-info: +-------+-------------+----------+-----------------+-----------+-------+
[    9.716367] cloud-init[852]: ci-info: |   0   |   0.0.0.0   | 10.0.2.2 |     0.0.0.0     |   enp0s3  |   UG  |
[    9.717536] cloud-init[852]: ci-info: |   1   |   10.0.2.0  | 0.0.0.0  |  255.255.255.0  |   enp0s3  |   U   |
[    9.732600] cloud-init[852]: ci-info: |   2   |   10.0.2.2  | 0.0.0.0  | 255.255.255.255 |   enp0s3  |   UH  |
[    9.744210] cloud-init[852]: ci-info: +-------+-------------+----------+-----------------+-----------+-------+
[    9.760834] cloud-init[852]: ci-info: +++++++++++++++++++Route IPv6 info+++++++++++++++++++
[    9.776115] cloud-init[852]: ci-info: +-------+-------------+---------+-----------+-------+
[    9.777046] cloud-init[852]: ci-info: | Route | Destination | Gateway | Interface | Flags |
[    9.788466] cloud-init[852]: ci-info: +-------+-------------+---------+-----------+-------+
[    9.800139] cloud-init[852]: ci-info: |   1   |  fe80::/64  |    ::   |   enp0s3  |   U   |
[    9.800960] cloud-init[852]: ci-info: |   3   |    local    |    ::   |   enp0s3  |   U   |
[    9.812273] cloud-init[852]: ci-info: |   4   |   ff00::/8  |    ::   |   enp0s3  |   U   |
[    9.812958] cloud-init[852]: ci-info: +-------+-------------+---------+-----------+-------+
[   10.313795] cloud-init[852]: Generating public/private rsa key pair.
[   10.314329] cloud-init[852]: Your identification has been saved in /etc/ssh/ssh_host_rsa_key.
[   10.314928] cloud-init[852]: Your public key has been saved in /etc/ssh/ssh_host_rsa_key.pub.
[   10.315653] cloud-init[852]: The key fingerprint is:
[   10.316126] cloud-init[852]: SHA256:QdTil41JgaouJA5a7V8QHBH+zPUDvO1DTR20wXLbQCo root@ubuntu-bionic
[   10.328597] cloud-init[852]: The key's randomart image is:
[   10.340271] cloud-init[852]: +---[RSA 2048]----+
[[0;32m  OK  [0m] Started Initial cloud-init job (metadata service crawler).
[[0;32m  OK  [0m] Reached target Network is Online.
[   10.358788] cloud-init[852]: |      ++oo.. .++ |
[   10.370576] cloud-init[852]: |     o oo.o  o.++|
[   10.371126] cloud-init[852]: |      +o.oE=. +o+|
[   10.477402] cloud-init[852]: |      .=.o=*.o ..|
[   10.478041] cloud-init[852]: |   . .. S.. = .  |
[   10.478644] cloud-init[852]: |o o o  .   o .   |
[   10.479139] cloud-init[852]: |++ o    .   o    |
[   10.479817] cloud-init[852]: |... o  .     .   |
[   10.480323] cloud-init[852]: |   . ..          |
[   10.480844] cloud-init[852]: +----[SHA256]-----+
[   10.481342] cloud-init[852]: Generating public/private dsa key pair.
[   10.482011] cloud-init[852]: Your identification has been saved in /etc/ssh/ssh_host_dsa_key.
[   10.482734] cloud-init[852]: Your public key has been saved in /etc/ssh/ssh_host_dsa_key.pub.
[   10.556466] cloud-init[852]: The key fingerprint is:
[   10.557172] cloud-init[852]: SHA256:LtCkMKhrc2u1cntlvwhJZ1jwLkycPycL121yd5uYwfo root@ubuntu-bionic
[   10.558071] cloud-init[852]: The key's randomart image is:
[   10.558664] cloud-init[852]: +---[DSA 1024]----+
[   10.739024] cloud-init[852]: |       .         |
[   10.750943] cloud-init[852]: | .    . +        |
[[0;32m  OK  [0m] Reached target Remote File Systems (Pre).
[[0;32m  OK  [0m] Reached target Remote File Systems.
[   10.753958] cloud-init[852]: |. o   .+ o       |
         Starting Availability of block devices...
[[0;32m  OK  [0m] Reached target Cloud-config availability.
[[0;32m  OK  [0m] Reached target System Initialization.
[[0;32m  OK  [0m] Started Daily apt download activities.
[   10.770582] cloud-init[852]: |.  o +o = . o    |
[   11.304631] cloud-init[852]: |.   o .*SO + * ..|
[   11.305046] cloud-init[852]: | .   o..Bo= = = +|
[   11.316391] cloud-init[852]: |.o .. oo+... o o |
[   11.316993] cloud-init[852]: |. oo.o o. ...    |
[   11.477608] cloud-init[852]: |  ..o.o  . ..E   |
         Starting Socket activation for snappy daemon.
[   11.480260] cloud-init[852]: +----[SHA256]-----+
[   11.481144] cloud-init[852]: Generating public/private ecdsa key pair.
[   11.574491] cloud-init[852]: Your identification has been saved in /etc/ssh/ssh_host_ecdsa_key.
[   11.575490] cloud-init[852]: Your public key has been saved in /etc/ssh/ssh_host_ecdsa_key.pub.
[   11.762359] cloud-init[852]: The key fingerprint is:
[   11.763008] cloud-init[852]: SHA256:4qw68U9zCq4d5JVWAwhLlvU3eq7J/xkofk4yanHhHzc root@ubuntu-bionic
[   11.763984] cloud-init[852]: The key's randomart image is:
[   11.764439] cloud-init[852]: +---[ECDSA 256]---+
[   11.764850] cloud-init[852]: |  ++...          |
[   11.765368] cloud-init[852]: | o.... .         |
[   11.765862] cloud-init[852]: |  .   . =        |
[   11.766336] cloud-init[852]: |      .= o       |
[   11.766991] cloud-init[852]: |    ..*.S        |
[   11.776676] cloud-init[852]: |  .o.=o+..E      |
[[0;32m  OK  [0m] Started ACPI Events Check.
[   11.884897] cloud-init[852]: |   o+oO.=o..     |
[[0;32m  OK  [0m] [   11.901853] cloud-init[852]: |  .ooO @o  o     |
Listening on UUID daemon activation socket.
[   11.902238] cloud-init[852]: |  o==.B+o.o      |
[[0;32m  OK  [0m[   11.912541] cloud-init[852]: +----[SHA256]-----+
[   11.912721] cloud-init[852]: Generating public/private ed25519 key pair.
[   11.913060] cloud-init[852]: Your identification has been saved in /etc/ssh/ssh_host_ed25519_key.
[   11.913378] cloud-init[852]: Your public key has been saved in /etc/ssh/ssh_host_ed25519_key.pub.
[   11.913710] cloud-init[852]: The key fingerprint is:
[   11.914039] cloud-init[852]: SHA256:HSE2Cjmn0/s9OyyWFTh5xecSxcGS/y9VL/ybC6VeE4k root@ubuntu-bionic
[   11.914365] cloud-init[852]: The key's randomart image is:
[   11.914698] cloud-init[852]: +--[ED25519 256]--+
] Listening on Open-iSCSI iscsid Socket.
[   11.914801] cloud-init[852]: |    ..  + .. =o. |
[[0;32m  OK  [0m] [   11.917543] cloud-init[852]: |    o..o o .* +  |
[   11.917797] cloud-init[852]: |     =.  o.. *   |
Reached target Paths.
[   11.917856] cloud-init[852]: |    o . +.o.. + o|
[   11.944348] cloud-init[852]: |     . .So.. E =o|
[[   11.944395] cloud-init[852]: |      .   .   = =|
[0;32m  OK  [0m] Listening on D-Bus System Message Bus Socket.
[   11.944435] cloud-init[852]: |       . =   o *.|
[[0;32m  OK  [0m] Listening on ACPID Listen Socket.
[   11.958412] cloud-init[852]: |        = = . + =|
[   11.973428] cloud-init[852]: |       . ..+ . =o|
[   11.973910] cloud-init[852]: +----[SHA256]-----+
         Starting LXD - unix socket.
[[0;32m  OK  [0m] Started Discard unused blocks once a week.
[[0;32m  OK  [0m] Started Daily apt upgrade and clean activities.
[[0;32m  OK  [0m] Started Message of the Day.
[[0;32m  OK  [0m] Started Daily Cleanup of Temporary Directories.
[[0;32m  OK  [0m] Reached target Timers.
[[0;32m  OK  [0m] Started Availability of block devices.
[[0;32m  OK  [0m] Listening on Socket activation for snappy daemon.
[[0;32m  OK  [0m] Listening on LXD - unix socket.
[[0;32m  OK  [0m] Reached target Sockets.
[[0;32m  OK  [0m] Reached target Basic System.
[[0;32m  OK  [0m] Started Deferred execution scheduler.
[[0;32m  OK  [0m] Started D-Bus System Message Bus.
         Starting LSB: automatic crash report generation...
         Starting LXD - container startup/shutdown...
         Starting Accounts Service...
         Starting LSB: Record successful boot for GRUB...
         Starting Virtualbox guest utils...
         Starting Pollinate to seed the pseudo random number generator...
[[0;32m  OK  [0m] Started Regular background program processing daemon.
         Starting Login Service...
         Starting Snap Daemon...
[[0;32m  OK  [0m] Started FUSE filesystem for LXC.
         Starting Dispatcher daemon for systemd-networkd...
[[0;32m  OK  [0m] Started irqbalance daemon.
         Starting Permit User Sessions...
         Starting System Logging Service...
[[0;32m  OK  [0m] Started LXD - container startup/shutdown.
[[0;32m  OK  [0m] Started System Logging Service.
[[0;32m  OK  [0m] Started Permit User Sessions.
[[0;32m  OK  [0m] Started Login Service.
[[0;32m  OK  [0m] Started Unattended Upgrades Shutdown.
         Starting Terminate Plymouth Boot Screen...
         Starting Hold until boot process finishes up...
         Starting Authorization Manager...
[[0;32m  OK  [0m] Started Hold until boot process finishes up.
[[0;32m  OK  [0m] Started Terminate Plymouth Boot Screen.
         Starting Set console scheme...
[[0;32m  OK  [0m] Started Serial Getty on ttyS0.
[[0;32m  OK  [0m] Started LSB: automatic crash report generation.
[[0;32m  OK  [0m] Started LSB: Record successful boot for GRUB.
[[0;32m  OK  [0m] Started Set console scheme.
[[0;32m  OK  [0m] Created slice system-getty.slice.
[[0;32m  OK  [0m] Started Getty on tty1.
[[0;32m  OK  [0m] Reached target Login Prompts.
[[0;32m  OK  [0m] Started Virtualbox guest utils.
[[0;32m  OK  [0m] Started Authorization Manager.
[[0;32m  OK  [0m] Started Accounts Service.
[[0;32m  OK  [0m] Started Dispatcher daemon for systemd-networkd.
[[0;32m  OK  [0m] Started Snap Daemon.
         Starting Wait until snapd is fully seeded...
[[0;32m  OK  [0m] Started Wait until snapd is fully seeded.
         Starting Apply the settings specified in cloud-config...
[[0;32m  OK  [0m] Started Pollinate to seed the pseudo random number generator.
         Starting OpenBSD Secure Shell server...
[[0;32m  OK  [0m] Started OpenBSD Secure Shell server.
[[0;32m  OK  [0m] Reached target Multi-User System.
[[0;32m  OK  [0m] Reached target Graphical Interface.
         Starting Update UTMP about System Runlevel Changes...
[[0;32m  OK  [0m] Started Update UTMP about System Runlevel Changes.
[[0;32m  OK  [0m] Created slice User Slice of vagrant.
         Starting User Manager for UID 1000...
[[0;32m  OK  [0m] Started Session 1 of user vagrant.
[[0;32m  OK  [0m] Started User Manager for UID 1000.
[   14.662178] cloud-init[1408]: Cloud-init v. 20.3-2-g371b392c-0ubuntu1~18.04.1 running 'modules:config' at Fri, 05 Feb 2021 00:49:59 +0000. Up 14.10 seconds.
[[0;32m  OK  [0m] Started Apply the settings specified in cloud-config.
         Starting Execute cloud user/final scripts...
ci-info: no authorized SSH keys fingerprints found for user ubuntu.
<14>Feb  5 00:50:00 ec2: 
<14>Feb  5 00:50:00 ec2: #############################################################
<14>Feb  5 00:50:00 ec2: -----BEGIN SSH HOST KEY FINGERPRINTS-----
<14>Feb  5 00:50:00 ec2: 1024 SHA256:LtCkMKhrc2u1cntlvwhJZ1jwLkycPycL121yd5uYwfo root@ubuntu-bionic (DSA)
<14>Feb  5 00:50:00 ec2: 256 SHA256:4qw68U9zCq4d5JVWAwhLlvU3eq7J/xkofk4yanHhHzc root@ubuntu-bionic (ECDSA)
<14>Feb  5 00:50:00 ec2: 256 SHA256:HSE2Cjmn0/s9OyyWFTh5xecSxcGS/y9VL/ybC6VeE4k root@ubuntu-bionic (ED25519)
<14>Feb  5 00:50:00 ec2: 2048 SHA256:QdTil41JgaouJA5a7V8QHBH+zPUDvO1DTR20wXLbQCo root@ubuntu-bionic (RSA)
<14>Feb  5 00:50:00 ec2: -----END SSH HOST KEY FINGERPRINTS-----
<14>Feb  5 00:50:00 ec2: #############################################################
-----BEGIN SSH HOST KEY KEYS-----
ecdsa-sha2-nistp256 AAAAE2VjZHNhLXNoYTItbmlzdHAyNTYAAAAIbmlzdHAyNTYAAABBBBugx5CfBygHqpRldYOJ8pLjn47DpXa2FXQjKIkfcucIlRWI07gtn+/lHQKCTYucUY0rsGMRu0MMB4NZ8PKgciE= root@ubuntu-bionic
ssh-ed25519 AAAAC3NzaC1lZDI1NTE5AAAAIIiU4j/P3WPZYlu2PdzUnAjYkzVMWxAFDgF9zgL5kesI root@ubuntu-bionic
ssh-rsa AAAAB3NzaC1yc2EAAAADAQABAAABAQCpttYcn9OPFSVFQqNmsamKNgt1aRMwsMua1joQzaz7TZe8n9MnxD+/MUo8y7Y72lMbwZJU2Dz7YyLD8jbnab7xQTXyG5M/ebebdPtOReENhlNdBQm7Z5ZH4eF4rRFIgZpsJ0iqwcgcPViFuG/fOpfmu/3Tgeh0EMbN6tOXc2BvJCKQhMxKOlpayPHAtR1kuFsYcycpHjChh3VhzuBXy/F4CKem0dOFeLYi6IdZcWGIe9PkOT/mQ0qJkH7uWu1iHYu0w/TOGEUrNRAkM9lGD6Bteb4zrdQfmpIjEATbPIxrCEFf4GMxaq2i0eTghd6ginlW5rprxPqOdWTZ49/lL8Wh root@ubuntu-bionic
-----END SSH HOST KEY KEYS-----
[   15.134475] cloud-init[1558]: Cloud-init v. 20.3-2-g371b392c-0ubuntu1~18.04.1 running 'modules:final' at Fri, 05 Feb 2021 00:50:00 +0000. Up 15.00 seconds.
[   15.135315] cloud-init[1558]: ci-info: no authorized SSH keys fingerprints found for user ubuntu.
[   15.136282] cloud-init[1558]: Cloud-init v. 20.3-2-g371b392c-0ubuntu1~18.04.1 finished at Fri, 05 Feb 2021 00:50:00 +0000. Datasource DataSourceNoCloud [seed=/dev/sdb][dsmode=net].  Up 15.12 seconds
[[0;32m  OK  [0m] Started Execute cloud user/final scripts.
[[0;32m  OK  [0m] Reached target Cloud-init target.

Ubuntu 18.04.5 LTS ubuntu-bionic ttyS0

ubuntu-bionic login: 